---
source: tui/src/bottom_pane/chat_composer.rs
assertion_line: 5372
expression: terminal.backend()
---
"                                                                                                                                                      "
"› Ask Codex to do anything                                                                                                                            "
"                                                                                                                                                      "
"                                                                                                                                                      "
"                                                                                                                                                      "
"                                                                                                                                                      "
"                                                                                                                                                      "
"                                                                                                                                                      "
"  status line: ./work/codex (main)                                       gpt-5.6-sol [1M, max]  ctx 134/258k (51%) · 5h 49% (↻3h0m) · 7d 85% (↻2d2h)  "
